
/home/runner/work/exp-dynamic-scheduling-scoreboard-iiith/exp-dynamic-scheduling-scoreboard-iiith/experiment/simulation/js/components/FunctionalUnitStatus.js
  3:7  warning  'FunctionalUnitStatus' is defined but never used  no-unused-vars

/home/runner/work/exp-dynamic-scheduling-scoreboard-iiith/exp-dynamic-scheduling-scoreboard-iiith/experiment/simulation/js/components/InstructionBuilder.js
    3:7   warning  'InstructionBuilder' is defined but never used  no-unused-vars
   18:41  warning  'INSTRUCTION_TYPES' is not defined              no-undef
   44:13  warning  'INSTRUCTION_TYPES' is not defined              no-undef
   45:13  warning  'INSTRUCTION_TYPES' is not defined              no-undef
   46:13  warning  'INSTRUCTION_TYPES' is not defined              no-undef
   47:13  warning  'INSTRUCTION_TYPES' is not defined              no-undef
   48:13  warning  'INSTRUCTION_TYPES' is not defined              no-undef
   52:13  warning  'INSTRUCTION_TYPES' is not defined              no-undef
   53:13  warning  'INSTRUCTION_TYPES' is not defined              no-undef
   54:13  warning  'INSTRUCTION_TYPES' is not defined              no-undef
   55:13  warning  'INSTRUCTION_TYPES' is not defined              no-undef
   58:22  warning  'INSTRUCTION_TYPES' is not defined              no-undef
   66:31  warning  'FP_REGISTERS' is not defined                   no-undef
   71:31  warning  'INT_REGISTERS' is not defined                  no-undef
   82:27  warning  'INT_REGISTERS' is not defined                  no-undef
   93:29  warning  'INSTRUCTION_TYPES' is not defined              no-undef
  101:31  warning  'FP_REGISTERS' is not defined                   no-undef
  106:31  warning  'INT_REGISTERS' is not defined                  no-undef
  117:27  warning  'INT_REGISTERS' is not defined                  no-undef
  135:27  warning  'INT_REGISTERS' is not defined                  no-undef
  145:27  warning  'INT_REGISTERS' is not defined                  no-undef
  155:27  warning  'INT_REGISTERS' is not defined                  no-undef
  168:27  warning  'FP_REGISTERS' is not defined                   no-undef
  178:27  warning  'FP_REGISTERS' is not defined                   no-undef
  188:27  warning  'FP_REGISTERS' is not defined                   no-undef
  224:22  warning  'INSTRUCTION_TYPES' is not defined              no-undef
  249:29  warning  'INSTRUCTION_TYPES' is not defined              no-undef

/home/runner/work/exp-dynamic-scheduling-scoreboard-iiith/exp-dynamic-scheduling-scoreboard-iiith/experiment/simulation/js/components/InstructionList.js
    3:7   warning  'InstructionList' is defined but never used  no-unused-vars
  105:34  warning  'INSTRUCTION_TYPES' is not defined           no-undef
  107:41  warning  'INSTRUCTION_TYPES' is not defined           no-undef

/home/runner/work/exp-dynamic-scheduling-scoreboard-iiith/exp-dynamic-scheduling-scoreboard-iiith/experiment/simulation/js/components/InstructionStatus.js
    3:7   warning  'InstructionStatus' is defined but never used  no-unused-vars
   28:31  warning  'INSTRUCTION_STAGES' is not defined            no-undef
   29:31  warning  'INSTRUCTION_STAGES' is not defined            no-undef
   30:31  warning  'INSTRUCTION_STAGES' is not defined            no-undef
   31:31  warning  'INSTRUCTION_STAGES' is not defined            no-undef
   41:51  warning  'INSTRUCTION_STAGES' is not defined            no-undef
   42:51  warning  'INSTRUCTION_STAGES' is not defined            no-undef
   43:51  warning  'INSTRUCTION_STAGES' is not defined            no-undef
   44:51  warning  'INSTRUCTION_STAGES' is not defined            no-undef
   88:23  warning  'INSTRUCTION_STAGES' is not defined            no-undef
   90:60  warning  'INSTRUCTION_STAGES' is not defined            no-undef
  109:34  warning  'INSTRUCTION_STAGES' is not defined            no-undef
  141:18  warning  'INSTRUCTION_STAGES' is not defined            no-undef
  143:18  warning  'INSTRUCTION_STAGES' is not defined            no-undef
  145:18  warning  'INSTRUCTION_STAGES' is not defined            no-undef
  147:18  warning  'INSTRUCTION_STAGES' is not defined            no-undef
  169:34  warning  'INSTRUCTION_TYPES' is not defined             no-undef
  171:41  warning  'INSTRUCTION_TYPES' is not defined             no-undef

/home/runner/work/exp-dynamic-scheduling-scoreboard-iiith/exp-dynamic-scheduling-scoreboard-iiith/experiment/simulation/js/components/LatencyConfig.js
   3:7   warning  'LatencyConfig' is defined but never used  no-unused-vars
  17:25  warning  'INSTRUCTION_TYPES' is not defined         no-undef
  18:25  warning  'INSTRUCTION_TYPES' is not defined         no-undef
  21:25  warning  'INSTRUCTION_TYPES' is not defined         no-undef
  22:25  warning  'INSTRUCTION_TYPES' is not defined         no-undef
  25:25  warning  'INSTRUCTION_TYPES' is not defined         no-undef
  26:25  warning  'INSTRUCTION_TYPES' is not defined         no-undef
  27:25  warning  'INSTRUCTION_TYPES' is not defined         no-undef
  28:25  warning  'INSTRUCTION_TYPES' is not defined         no-undef
  31:25  warning  'INSTRUCTION_TYPES' is not defined         no-undef
  32:25  warning  'INSTRUCTION_TYPES' is not defined         no-undef
  33:25  warning  'INSTRUCTION_TYPES' is not defined         no-undef

/home/runner/work/exp-dynamic-scheduling-scoreboard-iiith/exp-dynamic-scheduling-scoreboard-iiith/experiment/simulation/js/components/RegisterResult.js
  3:7  warning  'RegisterResult' is defined but never used  no-unused-vars

/home/runner/work/exp-dynamic-scheduling-scoreboard-iiith/exp-dynamic-scheduling-scoreboard-iiith/experiment/simulation/js/main.js
    5:28  warning  'Scoreboard' is not defined                              no-undef
    6:27  warning  'ScoreboardValidator' is not defined                     no-undef
    7:35  warning  'FeedbackGenerator' is not defined                       no-undef
   22:9   warning  'instructionBuilder' is assigned a value but never used  no-unused-vars
   25:34  warning  'InstructionBuilder' is not defined                      no-undef
   31:31  warning  'InstructionList' is not defined                         no-undef
   38:33  warning  'InstructionStatus' is not defined                       no-undef
   46:36  warning  'FunctionalUnitStatus' is not defined                    no-undef
   51:30  warning  'RegisterResult' is not defined                          no-undef
   57:33  warning  'LatencyConfig' is not defined                           no-undef
   64:39  warning  'LatencyConfig' is not defined                           no-undef
  146:18  warning  'INSTRUCTION_STAGES' is not defined                      no-undef
  149:18  warning  'INSTRUCTION_STAGES' is not defined                      no-undef
  152:18  warning  'INSTRUCTION_STAGES' is not defined                      no-undef
  155:18  warning  'INSTRUCTION_STAGES' is not defined                      no-undef
  179:18  warning  'INSTRUCTION_STAGES' is not defined                      no-undef
  182:18  warning  'INSTRUCTION_STAGES' is not defined                      no-undef
  185:18  warning  'INSTRUCTION_STAGES' is not defined                      no-undef
  188:18  warning  'INSTRUCTION_STAGES' is not defined                      no-undef
  206:18  warning  'INSTRUCTION_STAGES' is not defined                      no-undef
  208:18  warning  'INSTRUCTION_STAGES' is not defined                      no-undef
  210:18  warning  'INSTRUCTION_STAGES' is not defined                      no-undef
  212:18  warning  'INSTRUCTION_STAGES' is not defined                      no-undef

/home/runner/work/exp-dynamic-scheduling-scoreboard-iiith/exp-dynamic-scheduling-scoreboard-iiith/experiment/simulation/js/utils/feedbackGenerator.js
   3:7   warning  'FeedbackGenerator' is defined but never used  no-unused-vars
  38:18  warning  'INSTRUCTION_STAGES' is not defined            no-undef
  43:18  warning  'INSTRUCTION_STAGES' is not defined            no-undef
  48:18  warning  'INSTRUCTION_STAGES' is not defined            no-undef
  53:18  warning  'INSTRUCTION_STAGES' is not defined            no-undef
  68:34  warning  'INSTRUCTION_TYPES' is not defined             no-undef
  70:41  warning  'INSTRUCTION_TYPES' is not defined             no-undef

/home/runner/work/exp-dynamic-scheduling-scoreboard-iiith/exp-dynamic-scheduling-scoreboard-iiith/experiment/simulation/js/utils/scoreboard.js
    3:7   warning  'Scoreboard' is defined but never used           no-unused-vars
    7:58  warning  'DEFAULT_FUNCTIONAL_UNITS' is not defined        no-undef
    8:31  warning  'createDefaultRegisterStatus' is not defined     no-undef
    9:37  warning  'DEFAULT_EXECUTION_CYCLES' is not defined        no-undef
   18:58  warning  'DEFAULT_FUNCTIONAL_UNITS' is not defined        no-undef
   19:31  warning  'createDefaultRegisterStatus' is not defined     no-undef
   42:18  warning  'INSTRUCTION_STAGES' is not defined              no-undef
   43:18  warning  'INSTRUCTION_STAGES' is not defined              no-undef
   44:18  warning  'INSTRUCTION_STAGES' is not defined              no-undef
   45:18  warning  'INSTRUCTION_STAGES' is not defined              no-undef
   50:58  warning  'DEFAULT_FUNCTIONAL_UNITS' is not defined        no-undef
   51:31  warning  'createDefaultRegisterStatus' is not defined     no-undef
   64:18  warning  'INSTRUCTION_STAGES' is not defined              no-undef
   65:18  warning  'INSTRUCTION_STAGES' is not defined              no-undef
   66:18  warning  'INSTRUCTION_STAGES' is not defined              no-undef
   67:18  warning  'INSTRUCTION_STAGES' is not defined              no-undef
   95:34  warning  'INSTRUCTION_TO_FUNCTIONAL_UNIT' is not defined  no-undef
  114:28  warning  'INSTRUCTION_STAGES' is not defined              no-undef
  118:25  warning  'INSTRUCTION_TO_FUNCTIONAL_UNIT' is not defined  no-undef
  175:28  warning  'INSTRUCTION_STAGES' is not defined              no-undef
  206:28  warning  'INSTRUCTION_STAGES' is not defined              no-undef
  242:28  warning  'INSTRUCTION_STAGES' is not defined              no-undef
  284:26  warning  'INSTRUCTION_STAGES' is not defined              no-undef
  312:65  warning  'INSTRUCTION_STAGES' is not defined              no-undef
  332:26  warning  'INSTRUCTION_STAGES' is not defined              no-undef
  341:40  warning  'INSTRUCTION_STAGES' is not defined              no-undef
  345:57  warning  'INSTRUCTION_STAGES' is not defined              no-undef
  372:36  warning  'INSTRUCTION_STAGES' is not defined              no-undef
  377:36  warning  'INSTRUCTION_STAGES' is not defined              no-undef
  378:36  warning  'INSTRUCTION_STAGES' is not defined              no-undef
  387:36  warning  'INSTRUCTION_STAGES' is not defined              no-undef
  388:36  warning  'INSTRUCTION_STAGES' is not defined              no-undef
  389:36  warning  'INSTRUCTION_STAGES' is not defined              no-undef
  398:36  warning  'INSTRUCTION_STAGES' is not defined              no-undef
  399:36  warning  'INSTRUCTION_STAGES' is not defined              no-undef
  400:36  warning  'INSTRUCTION_STAGES' is not defined              no-undef
  429:18  warning  'INSTRUCTION_STAGES' is not defined              no-undef
  433:18  warning  'INSTRUCTION_STAGES' is not defined              no-undef
  435:43  warning  'INSTRUCTION_STAGES' is not defined              no-undef
  436:43  warning  'INSTRUCTION_STAGES' is not defined              no-undef
  438:18  warning  'INSTRUCTION_STAGES' is not defined              no-undef
  440:17  warning  Unexpected lexical declaration in case block     no-case-declarations
  442:43  warning  'INSTRUCTION_STAGES' is not defined              no-undef
  443:43  warning  'INSTRUCTION_STAGES' is not defined              no-undef
  445:18  warning  'INSTRUCTION_STAGES' is not defined              no-undef
  447:43  warning  'INSTRUCTION_STAGES' is not defined              no-undef
  448:43  warning  'INSTRUCTION_STAGES' is not defined              no-undef
  461:32  warning  'INSTRUCTION_STAGES' is not defined              no-undef
  468:49  warning  'INSTRUCTION_STAGES' is not defined              no-undef
  475:35  warning  'INSTRUCTION_STAGES' is not defined              no-undef
  477:39  warning  'INSTRUCTION_STAGES' is not defined              no-undef
  479:36  warning  'INSTRUCTION_STAGES' is not defined              no-undef
  483:39  warning  'INSTRUCTION_STAGES' is not defined              no-undef
  486:39  warning  'INSTRUCTION_STAGES' is not defined              no-undef
  490:36  warning  'INSTRUCTION_STAGES' is not defined              no-undef
  491:35  warning  'INSTRUCTION_STAGES' is not defined              no-undef
  493:39  warning  'INSTRUCTION_STAGES' is not defined              no-undef
  495:36  warning  'INSTRUCTION_STAGES' is not defined              no-undef
  512:43  warning  'INSTRUCTION_STAGES' is not defined              no-undef

/home/runner/work/exp-dynamic-scheduling-scoreboard-iiith/exp-dynamic-scheduling-scoreboard-iiith/experiment/simulation/js/utils/types.js
   27:7   warning  'INSTRUCTION_STAGES' is assigned a value but never used              no-unused-vars
   35:7   warning  'DEFAULT_EXECUTION_CYCLES' is assigned a value but never used        no-unused-vars
   50:7   warning  'INSTRUCTION_TO_FUNCTIONAL_UNIT' is assigned a value but never used  no-unused-vars
   71:7   warning  'DEFAULT_FUNCTIONAL_UNITS' is assigned a value but never used        no-unused-vars
  127:10  warning  'createDefaultRegisterStatus' is defined but never used              no-unused-vars

/home/runner/work/exp-dynamic-scheduling-scoreboard-iiith/exp-dynamic-scheduling-scoreboard-iiith/experiment/simulation/js/utils/validation.js
    3:7    warning  'ScoreboardValidator' is defined but never used  no-unused-vars
   21:32   warning  'INSTRUCTION_STAGES' is not defined              no-undef
   30:56   warning  'INSTRUCTION_STAGES' is not defined              no-undef
   43:42   warning  'INSTRUCTION_TO_FUNCTIONAL_UNIT' is not defined  no-undef
   71:32   warning  'INSTRUCTION_STAGES' is not defined              no-undef
   79:32   warning  'INSTRUCTION_STAGES' is not defined              no-undef
   82:89   warning  'INSTRUCTION_STAGES' is not defined              no-undef
   87:32   warning  'INSTRUCTION_STAGES' is not defined              no-undef
   90:121  warning  'INSTRUCTION_STAGES' is not defined              no-undef
  147:32   warning  'INSTRUCTION_STAGES' is not defined              no-undef
  155:32   warning  'INSTRUCTION_STAGES' is not defined              no-undef
  206:32   warning  'INSTRUCTION_STAGES' is not defined              no-undef
  214:32   warning  'INSTRUCTION_STAGES' is not defined              no-undef
  284:32   warning  'INSTRUCTION_STAGES' is not defined              no-undef
  288:35   warning  'INSTRUCTION_STAGES' is not defined              no-undef
  290:39   warning  'INSTRUCTION_STAGES' is not defined              no-undef
  294:35   warning  'INSTRUCTION_STAGES' is not defined              no-undef
  296:39   warning  'INSTRUCTION_STAGES' is not defined              no-undef
  300:35   warning  'INSTRUCTION_STAGES' is not defined              no-undef
  302:39   warning  'INSTRUCTION_STAGES' is not defined              no-undef
  306:35   warning  'INSTRUCTION_STAGES' is not defined              no-undef

✖ 177 problems (0 errors, 177 warnings)

